1AKJ: kept chains {'A': 276, 'C': 9}, 183 KB
2BCK: kept chains {'A': 286, 'C': 9, 'F': 9}, 195 KB
1Q94: kept chains {'A': 275, 'C': 9, 'F': 9}, 188 KB
1A1N: kept chains {'A': 276, 'C': 8}, 183 KB
1M6O: kept chains {'A': 276, 'C': 9}, 184 KB
2RFX: kept chains {'A': 275, 'C': 9}, 186 KB
1HSA: kept chains {'A': 276, 'C': 9, 'F': 9}, 186 KB
1MI5: kept chains {'A': 277, 'C': 9}, 182 KB
5EO0: kept chains {'A': 275, 'C': 9}, 198 KB
1QQD: kept chains {'A': 273, 'C': 9}, 184 KB
5W67: kept chains {'A': 273, 'C': 8}, 182 KB
1DLH: kept chains {'A': 180, 'B': 188, 'C': 13, 'F': 13}, 258 KB
1BX2: kept chains {'A': 180, 'B': 191, 'C': 14, 'F': 14}, 256 KB
1J8H: kept chains {'A': 180, 'B': 180, 'C': 13}, 245 KB
1A6A: kept chains {'A': 176, 'B': 187, 'C': 15}, 248 KB
1JK8: kept chains {'A': 181, 'B': 190, 'C': 14}, 247 KB
1S9V: kept chains {'A': 179, 'B': 181, 'C': 11, 'F': 11}, 244 KB
1UVQ: kept chains {'A': 182, 'B': 181, 'C': 20}, 246 KB
3LQZ: kept chains {'A': 181, 'B': 198, 'C': 0}, 249 KB
wrote hla_structures_data.js 4102 KB
vendor/3Dmol-min.js 525 KB
pHLA3D model saved A*01:01
pHLA3D model saved A*01:03
pHLA3D model saved A*02:01
pHLA3D model saved A*02:02
pHLA3D model saved A*02:03
pHLA3D model saved A*02:05
pHLA3D model saved A*02:06
pHLA3D model saved A*02:11
pHLA3D model saved A*02:20
pHLA3D model saved A*03:01
pHLA3D model saved A*03:02
pHLA3D model saved A*11:01
pHLA3D model saved A*11:02
pHLA3D model saved A*23:01
pHLA3D model saved A*24:02
pHLA3D model saved A*24:03
pHLA3D model saved A*24:07
pHLA3D model saved A*24:17
pHLA3D model saved A*26:01
pHLA3D model saved A*26:02
pHLA3D model saved A*29:01
pHLA3D model saved A*29:02
pHLA3D model saved A*30:01
pHLA3D model saved A*31:01
pHLA3D model saved A*32:01
pHLA3D model saved A*33:01
pHLA3D model saved A*33:03
pHLA3D model saved A*33:05
pHLA3D model saved A*66:01
pHLA3D model saved A*68:01
pHLA3D model saved A*68:03
pHLA3D model saved A*68:13
pHLA3D model saved A*69:01
pHLA3D model saved B*07:02
pHLA3D model saved B*07:04
pHLA3D model saved B*07:05
pHLA3D model saved B*08:01
pHLA3D model saved B*13:01
pHLA3D model saved B*13:02
pHLA3D model saved B*15:01
pHLA3D model saved B*15:02
pHLA3D model saved B*15:04
pHLA3D model saved B*15:05
pHLA3D model saved B*15:07
pHLA3D model saved B*15:08
pHLA3D model saved B*15:14
pHLA3D model saved B*15:15
pHLA3D model saved B*15:17
pHLA3D model saved B*15:18
pHLA3D model saved B*15:25
pHLA3D model saved B*18:01
pHLA3D model saved B*27:01
pHLA3D model saved B*27:02
pHLA3D model saved B*27:04
pHLA3D model saved B*27:05
pHLA3D model saved B*27:07
pHLA3D model saved B*35:01
pHLA3D model saved B*35:02
pHLA3D model saved B*35:03
pHLA3D model saved B*35:05
pHLA3D model saved B*35:08
pHLA3D model saved B*35:43
pHLA3D model saved B*37:01
pHLA3D model saved B*38:01
pHLA3D model saved B*38:02
pHLA3D model saved B*39:01
pHLA3D model saved B*40:01
pHLA3D model saved B*40:02
pHLA3D model saved B*40:06
pHLA3D model saved B*41:01
pHLA3D model saved B*41:02
pHLA3D model saved B*42:01
pHLA3D model saved B*44:02
pHLA3D model saved B*44:03
pHLA3D model saved B*46:01
pHLA3D model saved B*48:01
pHLA3D model saved B*49:01
pHLA3D model saved B*50:01
pHLA3D model saved B*51:01
pHLA3D model saved B*51:02
pHLA3D model saved B*51:04
pHLA3D model saved B*51:06
pHLA3D model saved B*52:01
pHLA3D model saved B*52:02
pHLA3D model saved B*55:01
pHLA3D model saved B*55:02
pHLA3D model saved B*56:01
pHLA3D model saved B*57:01
pHLA3D model saved B*57:02
pHLA3D model saved B*57:03
pHLA3D model saved B*58:01
pHLA3D model saved B*58:02
pHLA3D model saved DQB1*02:01
pHLA3D model saved DQB1*02:02
pHLA3D model not available for DQB1*02:03 HTTP Error 404: Not Found
pHLA3D model not available for DQB1*02:04 HTTP Error 404: Not Found
pHLA3D model saved DQB1*03:01
pHLA3D model saved DQB1*03:02
pHLA3D model saved DQB1*03:03
pHLA3D model not available for DQB1*03:04 HTTP Error 404: Not Found
pHLA3D model not available for DQB1*03:05 HTTP Error 404: Not Found
pHLA3D model not available for DQB1*03:09 HTTP Error 404: Not Found
pHLA3D model saved DQB1*04:01
pHLA3D model saved DQB1*04:02
pHLA3D model saved DQB1*05:01
pHLA3D model saved DQB1*05:02
pHLA3D model saved DQB1*05:03
pHLA3D model not available for DQB1*05:05 HTTP Error 404: Not Found
pHLA3D model not available for DQB1*05:06 HTTP Error 404: Not Found
pHLA3D model saved DQB1*06:01
pHLA3D model saved DQB1*06:02
pHLA3D model saved DQB1*06:03
pHLA3D model saved DQB1*06:04
pHLA3D model not available for DQB1*06:06 HTTP Error 404: Not Found
pHLA3D model saved DQB1*06:09
pHLA3D model not available for DQB1*06:36 HTTP Error 404: Not Found
pHLA3D model saved DRB1*01:01
pHLA3D model not available for DRB1*01:04 HTTP Error 404: Not Found
pHLA3D model saved DRB1*03:01
pHLA3D model saved DRB1*03:02
pHLA3D model saved DRB1*04:01
pHLA3D model saved DRB1*04:02
pHLA3D model saved DRB1*04:03
pHLA3D model saved DRB1*04:04
pHLA3D model saved DRB1*04:05
pHLA3D model not available for DRB1*04:06 HTTP Error 404: Not Found
pHLA3D model not available for DRB1*04:07 HTTP Error 404: Not Found
pHLA3D model not available for DRB1*04:08 HTTP Error 404: Not Found
pHLA3D model not available for DRB1*04:10 HTTP Error 404: Not Found
pHLA3D model not available for DRB1*04:18 HTTP Error 404: Not Found
pHLA3D model saved DRB1*07:01
pHLA3D model saved DRB1*08:01
pHLA3D model saved DRB1*08:02
pHLA3D model not available for DRB1*08:03 HTTP Error 404: Not Found
pHLA3D model not available for DRB1*08:04 HTTP Error 404: Not Found
pHLA3D model saved DRB1*09:01
pHLA3D model saved DRB1*10:01
pHLA3D model saved DRB1*11:01
pHLA3D model saved DRB1*11:03
pHLA3D model saved DRB1*11:04
pHLA3D model not available for DRB1*11:11 HTTP Error 404: Not Found
pHLA3D model not available for DRB1*11:19 HTTP Error 404: Not Found
pHLA3D model saved DRB1*12:01
pHLA3D model saved DRB1*12:02
pHLA3D model not available for DRB1*12:04 HTTP Error 404: Not Found
pHLA3D model saved DRB1*13:01
pHLA3D model not available for DRB1*13:02 HTTP Error 404: Not Found
pHLA3D model saved DRB1*13:03
pHLA3D model saved DRB1*14:01
pHLA3D model saved DRB1*14:04
pHLA3D model not available for DRB1*14:05 HTTP Error 404: Not Found
pHLA3D model not available for DRB1*14:06 HTTP Error 404: Not Found
pHLA3D model not available for DRB1*14:07 HTTP Error 404: Not Found
pHLA3D model saved DRB1*15:01
pHLA3D model saved DRB1*15:02
pHLA3D model not available for DRB1*15:03 HTTP Error 404: Not Found
pHLA3D model not available for DRB1*15:04 HTTP Error 404: Not Found
pHLA3D model not available for DRB1*15:06 HTTP Error 404: Not Found
pHLA3D model not available for DRB1*15:07 HTTP Error 404: Not Found
pHLA3D model saved DRB1*16:01
pHLA3D model saved DRB1*16:02
pHLA3D model not available for DRB1*16:07 HTTP Error 404: Not Found
pHLA3D manifest: 133 models
